example (1) - an example program
wapropos (1) - a simplified program to search manual page names and descriptions
wman (1) - a simplified manual program
example (2) - an example program
