What manual page do you want?
For example, try 'wman wman'
