Improper number of arguments
Usage: ./wgroff <file>
