italicsExample(1)                                              italicsExample(1)

[1mNAME[0m
       italicsExample - an example program

[1mSYNOPSIS[0m
       italicsExample -k -W [[3moptions[0m] argument

[1mDESCRIPTION[0m
       This is a fake example program.  The command line switches, options, and
       arguments don't actually exist since this is just an example.
       
       This text is in a new paragraph.  Blank lines should also be output.
       So this paragraph should have a blank line before it.
       You should see bold, [3mitalic[0m, and underline and
       these can be [3mcombined[0m.  You can also output __ characters.
       
       Typical man pages will have a NAME section, a SYNOPSIS section,
       and a DESCRIPTION section (at least).  The NAME and DESCRIPTION
       sections are important for the apropos program.
       
       blah.
                                   2023-08-11                                   
